// Jest Snapshot v1, https://goo.gl/fbAQLP

exports[`Button Component Snapshot 1`] = `
<DocumentFragment>
  <button
    class="button"
  />
</DocumentFragment>
`;
